model dir: models\qwen3_vl
[qwen_vlm] Loading on cuda from models\qwen3_vl…
WARNING:torchao.kernel.intmm:Warning: Detected no triton, on systems without Triton certain kernels will not work
[qwen_vlm] model_type=qwen3_vl → Qwen3VLForConditionalGeneration
[qwen_vlm] flash_attn2 failed (FlashAttention2 has been toggled on, but it cannot be used due to the following error: the package flash_attn seems to be not installed. Please refer to the documentation of https://huggingface.co/docs/transformers/perf_infer_gpu_one#flashattention-2 to install Flash Attention 2.) — retrying INT4 without it
Loading checkpoint shards:   0%|          | 0/2 [00:00<?, ?it/s]Loading checkpoint shards:  50%|█████     | 1/2 [00:11<00:11, 11.71s/it]Loading checkpoint shards: 100%|██████████| 2/2 [00:19<00:00,  9.50s/it]Loading checkpoint shards: 100%|██████████| 2/2 [00:19<00:00,  9.83s/it]
[qwen_vlm] INT4 loaded (~2.2 GB VRAM)
[qwen_vlm] INT4 weights cached to models\qwen3_vl_int4 — future runs skip quantisation
[qwen_vlm] Model ready.
load: 35.4s
[qwen_vlm] Batch size 2 for 25 images
The following generation flags are not valid and may be ignored: ['temperature', 'top_p', 'top_k']. Set `TRANSFORMERS_VERBOSITY=info` for more details.
[qwen_vlm] TPE26-1.jpg: score=0.45  'Strongest: The glowing sign with Chinese characters is the f'
[qwen_vlm] TPE26-10.jpg: score=0.41  'Strongest: The brightly lit storefront with Chinese characte'
[qwen_vlm] TPE26-102.jpg: score=0.50  'Strongest: the glowing sign and warm interior light contrast'
[qwen_vlm] TPE26-104.jpg: score=0.45  'Strongest: the lone child standing between two stalls, creat'
[qwen_vlm] TPE26-11.jpg: score=0.43  'Strongest: The glowing aquarium as a focal point against the'
[qwen_vlm] TPE26-115.jpg: score=0.64  'Strongest: The woman’s posture and the cluttered, culturally'
[qwen_vlm] TPE26-120.jpg: score=0.45  'Strongest: the long, narrow corridor with its repeating geom'
[qwen_vlm] TPE26-126.jpg: score=0.53  'Strongest: symmetrical escalator geometry leading the eye — '
[qwen_vlm] TPE26-131.jpg: score=0.43  'Strongest: the neon-lit corridor with repeating geometric pa'
[qwen_vlm] TPE26-15.jpg: score=0.63  "Strongest: The vendor's focused gesture with tongs over the "
[qwen_vlm] TPE26-20.jpg: score=0.56  'Strongest: the red plastic stools and tables creating a stro'
[qwen_vlm] TPE26-26.jpg: score=0.63  'Strongest: the scooter rider in the center with the helmet a'
[qwen_vlm] TPE26-31.jpg: score=0.62  'Strongest: The glowing lantern and the illuminated sign crea'
[qwen_vlm] TPE26-37.jpg: score=0.47  'Strongest: The warm, glowing interior of the shop contrasts '
[qwen_vlm] TPE26-42.jpg: score=0.50  'Strongest: The shallow depth of field isolates the interior '
[qwen_vlm] TPE26-48.jpg: score=0.57  'Strongest: the warm glow of the shop entrance contrasting wi'
[qwen_vlm] TPE26-53.jpg: score=0.57  'Strongest: The narrow alleyway with glowing shop signs and w'
[qwen_vlm] TPE26-59.jpg: score=0.52  'Strongest: The warm, shallow depth of field isolates the for'
[qwen_vlm] TPE26-64.jpg: score=0.46  'Strongest: The glowing neon sign and blurred shelves create '
[qwen_vlm] TPE26-7.jpg: score=0.44  'Strongest: the glowing neon signs and their reflections in t'
[qwen_vlm] TPE26-75.jpg: score=0.59  'Strongest: neon-lit claw machine row with vibrant color bloc'
[qwen_vlm] TPE26-80.jpg: score=0.51  'Strongest: the lone figure in the dimly lit kitchen, creatin'
[qwen_vlm] TPE26-86.jpg: score=0.43  'Strongest: The glowing red lanterns and golden altar create '
[qwen_vlm] TPE26-91.jpg: score=0.44  "Strongest: the glowing neon sign '華宮旅館' as a focal anchor — "
[qwen_vlm] TPE26-97.jpg: score=0.60  'Strongest: The warm, low-angle lighting creates a cinematic '
[qwen_vlm] Borderline re-judge: 12 images (batched greedy @ 560px)
[qwen_vlm] TPE26-10.jpg: score=0.41  'Strongest: the glowing neon sign and glass storefront creati'
[qwen_vlm] TPE26-97.jpg: score=0.51  'Strongest: the warm, ambient lighting creating a cozy, lived'
[qwen_vlm]   TPE26-10.jpg: 0.41 → 0.41 (2 looks)
[qwen_vlm]   TPE26-97.jpg: 0.60 → 0.56 (2 looks)
[qwen_vlm] TPE26-75.jpg: score=0.60  'Strongest: neon lighting patterns creating vibrant geometric'
[qwen_vlm] TPE26-11.jpg: score=0.43  'Strongest: The helmeted figure in the foreground creates a s'
[qwen_vlm]   TPE26-75.jpg: 0.59 → 0.60 (2 looks)
[qwen_vlm]   TPE26-11.jpg: 0.43 → 0.43 (2 looks)
[qwen_vlm] TPE26-131.jpg: score=0.48  'Strongest: the neon-lit corridor with repeating geometric pa'
[qwen_vlm] TPE26-86.jpg: score=0.58  'Strongest: The glowing red lanterns and the deep, symmetrica'
[qwen_vlm]   TPE26-131.jpg: 0.43 → 0.45 (2 looks)
[qwen_vlm]   TPE26-86.jpg: 0.43 → 0.50 (2 looks)
[qwen_vlm] TPE26-31.jpg: score=0.69  "Strongest: The warm, focused light on the cooks' hands and b"
[qwen_vlm] TPE26-91.jpg: score=0.46  "Strongest: the glowing neon sign '華宮旅館' as a focal anchor — "
[qwen_vlm]   TPE26-31.jpg: 0.62 → 0.66 (2 looks)
[qwen_vlm]   TPE26-91.jpg: 0.44 → 0.45 (2 looks)
[qwen_vlm] TPE26-15.jpg: score=0.72  'Strongest: vendor grilling sausages with focused action — ma'
[qwen_vlm] TPE26-26.jpg: score=0.64  'Strongest: the scooter rider as a focal point with vibrant c'
[qwen_vlm]   TPE26-15.jpg: 0.63 → 0.68 (2 looks)
[qwen_vlm]   TPE26-26.jpg: 0.63 → 0.63 (2 looks)
[qwen_vlm] TPE26-48.jpg: score=0.57  "Strongest: the warm glow of the shop's interior contrasting "
[qwen_vlm] TPE26-53.jpg: score=0.56  'Strongest: the narrow alleyway with glowing signs and warm l'
[qwen_vlm]   TPE26-48.jpg: 0.57 → 0.57 (2 looks)
[qwen_vlm]   TPE26-53.jpg: 0.57 → 0.57 (2 looks)
[qwen_vlm] Unloaded.
done: 25 graded, 0 blank breakdowns, 10.93s/img -> _ab_qwen3_4b.json
